---
# Source: camunda-platform/charts/operate/templates/configmap.yaml
kind: ConfigMap
metadata:
  name: camunda-platform-test-operate
  labels:
    app: camunda-platform
    app.kubernetes.io/name: operate
    app.kubernetes.io/instance: camunda-platform-test
    app.kubernetes.io/managed-by: Helm
    app.kubernetes.io/part-of: camunda-platform
    app.kubernetes.io/version: "8.2.31"
    app.kubernetes.io/component: operate
apiVersion: v1
data:
  application.yml: |
    # Operate configuration file
    camunda.operate:
      # ELS instance to store Operate data
      elasticsearch:
        # Cluster name
        clusterName: elasticsearch
        # Host
        host: elasticsearch-master
        # Transport port
        port: 9200
      # Zeebe instance
      zeebe:
        # Broker contact point
        brokerContactPoint: "camunda-platform-test-zeebe-gateway:26500"
      # ELS instance to export Zeebe data to
      zeebeElasticsearch:
        # Cluster name
        clusterName: elasticsearch
        # Host
        host: elasticsearch-master
        # Transport port
        port: 9200
        # Index prefix, configured in Zeebe Elasticsearch exporter
        prefix: zeebe-record
    logging:
      level:
        ROOT: INFO
        io.camunda.operate: DEBUG
    #Spring Boot Actuator endpoints to be exposed
    management.endpoints.web.exposure.include: health,info,conditions,configprops,prometheus,loggers,usage-metrics,backups