---
# Source: camunda-platform/charts/zeebe-gateway/templates/gateway-serviceaccount.yaml
apiVersion: v1
kind: ServiceAccount
metadata:
  name: camunda-platform-test-zeebe-gateway-gateway
  labels:
    app: camunda-platform
    app.kubernetes.io/name: zeebe-gateway
    app.kubernetes.io/instance: camunda-platform-test
    app.kubernetes.io/managed-by: Helm
    app.kubernetes.io/part-of: camunda-platform
    app.kubernetes.io/version: "8.2.32"
    app.kubernetes.io/component: zeebe-gateway