---
# Source: camunda-platform/charts/zeebe-gateway/templates/gateway-deployment.yaml
apiVersion: apps/v1
kind: Deployment
metadata:
  name: "camunda-platform-test-zeebe-gateway"
  labels:
    app: camunda-platform
    app.kubernetes.io/name: zeebe-gateway
    app.kubernetes.io/instance: camunda-platform-test
    app.kubernetes.io/managed-by: Helm
    app.kubernetes.io/part-of: camunda-platform
    app.kubernetes.io/version: "8.2.32"
    app.kubernetes.io/component: zeebe-gateway
  annotations:
    {}
spec:
  strategy:
    type: RollingUpdate
  replicas: 2
  selector:
    matchLabels:
      app: camunda-platform
      app.kubernetes.io/name: zeebe-gateway
      app.kubernetes.io/instance: camunda-platform-test
      app.kubernetes.io/managed-by: Helm
      app.kubernetes.io/part-of: camunda-platform
      app.kubernetes.io/component: zeebe-gateway
  template:
    metadata:
      labels:
        app: camunda-platform
        app.kubernetes.io/name: zeebe-gateway
        app.kubernetes.io/instance: camunda-platform-test
        app.kubernetes.io/managed-by: Helm
        app.kubernetes.io/part-of: camunda-platform
        app.kubernetes.io/version: "8.2.32"
        app.kubernetes.io/component: zeebe-gateway
      annotations:
        {}
    spec:
      imagePullSecrets:
        []
      containers:
        - name: zeebe-gateway
          image: "camunda/zeebe:8.2.32"
          imagePullPolicy: IfNotPresent
          ports:
            - containerPort: 9600
              name: http
            - containerPort: 26500
              name: gateway
            - containerPort: 26502
              name: internal
          env:
            - name: ZEEBE_STANDALONE_GATEWAY
              value: "true"
            - name: ZEEBE_GATEWAY_CLUSTER_CLUSTERNAME
              value: camunda-platform-test-zeebe
            - name: ZEEBE_GATEWAY_CLUSTER_MEMBERID
              valueFrom:
                fieldRef:
                  fieldPath: metadata.name
            - name: ZEEBE_LOG_LEVEL
              value: "info"
            - name: JAVA_TOOL_OPTIONS
              value: "-XX:+ExitOnOutOfMemoryError"
            - name: ZEEBE_GATEWAY_CLUSTER_CONTACTPOINT
              value: camunda-platform-test-zeebe:26502
            - name: ZEEBE_GATEWAY_NETWORK_HOST
              value: 0.0.0.0
            - name: ZEEBE_GATEWAY_NETWORK_PORT
              value: "26500"
            - name: ZEEBE_GATEWAY_CLUSTER_HOST
              valueFrom:
                fieldRef:
                  fieldPath: status.podIP
            - name: ZEEBE_GATEWAY_CLUSTER_PORT
              value: "26502"
            - name: ZEEBE_GATEWAY_MONITORING_HOST
              value: 0.0.0.0
            - name: ZEEBE_GATEWAY_MONITORING_PORT
              value: "9600"
            - name: ZEEBE_GATEWAY_SECURITY_AUTHENTICATION_IDENTITY_TYPE
              value: "keycloak"
            - name: ZEEBE_GATEWAY_SECURITY_AUTHENTICATION_MODE
              value: "identity"
            - name: ZEEBE_GATEWAY_SECURITY_AUTHENTICATION_IDENTITY_ISSUERBACKENDURL
              value: "http://camunda-platform-test-keycloak:80/auth/realms/camunda-platform"
            - name: ZEEBE_GATEWAY_SECURITY_AUTHENTICATION_IDENTITY_AUDIENCE
              value: "zeebe-api"
          volumeMounts:
          readinessProbe:
            httpGet:
              path: /actuator/health/readiness
              scheme: HTTP
              port: 9600
            initialDelaySeconds: 30
            periodSeconds: 30
            successThreshold: 1
            failureThreshold: 5
            timeoutSeconds: 1
          resources:
            limits:
              cpu: 400m
              memory: 450Mi
            requests:
              cpu: 400m
              memory: 450Mi
      volumes:
        - name: config
          configMap:
            name: camunda-platform-test-zeebe-gateway-gateway
            defaultMode: 484
      affinity:
        podAntiAffinity:
          requiredDuringSchedulingIgnoredDuringExecution:
          - labelSelector:
              matchExpressions:
              - key: app.kubernetes.io/component
                operator: In
                values:
                - zeebe-gateway
            topologyKey: kubernetes.io/hostname