---
# Source: camunda-platform/charts/tasklist/templates/configmap.yaml
kind: ConfigMap
metadata:
  name: camunda-platform-test-tasklist
  labels:
    app: camunda-platform
    app.kubernetes.io/name: tasklist
    app.kubernetes.io/instance: camunda-platform-test
    app.kubernetes.io/managed-by: Helm
    app.kubernetes.io/part-of: camunda-platform
    app.kubernetes.io/version: "8.2.32"
    app.kubernetes.io/component: tasklist
apiVersion: v1
data:
  application.yml: |
    # Tasklist configuration file

    camunda.tasklist:
      # Set Tasklist username and password.
      # If user with <username> does not exists it will be created.
      # Default: demo/demo
      #username:
      #password:
      # ELS instance to store Tasklist data
      elasticsearch:
        # Cluster name
        clusterName: elasticsearch
        # Host
        host: elasticsearch-master
        # Transport port
        port: 9200
      # Zeebe instance
      zeebe:
        # Broker contact point
        brokerContactPoint: "camunda-platform-test-zeebe-gateway:26500"
      # ELS instance to export Zeebe data to
      zeebeElasticsearch:
        # Cluster name
        clusterName: elasticsearch
        # Host
        host: elasticsearch-master
        # Transport port
        port: 9200
        # Index prefix, configured in Zeebe Elasticsearch exporter
        prefix: zeebe-record
    #Spring Boot Actuator endpoints to be exposed
    management.endpoints.web.exposure.include: health,info,conditions,configprops,prometheus,loggers,usage-metrics,backups
    # Enable or disable metrics
    #management.metrics.export.prometheus.enabled: false